---
source: crates/rolldown_testing/src/integration_test.rs
---
# Assets

## entry.js

```js
// HIDDEN [rolldown:runtime]
//#region foo.js
var require_foo = /* @__PURE__ */ __commonJS({ "foo.js": ((exports) => {
	exports.bar = 123;
}) });

//#endregion
//#region entry.js
var import_foo = /* @__PURE__ */ __toESM(require_foo());
import("./foo.js").then(__toDynamicImportESM()).then(({ default: { bar: b } }) => console.log(import_foo.bar, b));

//#endregion
export { require_foo as t };
```

## foo.js

```js
import { t as require_foo } from "./entry.js";

export default require_foo();

```
