---
source: crates/rolldown_testing/src/integration_test.rs
---
# Assets

## dynamic.js

```js
const require_main = require('./main.js');

//#region dynamic.js
var ddd;
var init_dynamic = require_main.__esm({ "dynamic.js": (() => {
	ddd = 100;
}) });

//#endregion
init_dynamic();
exports.ddd = ddd;
```

## main.js

```js
// HIDDEN [rolldown:runtime]
let node_assert = require("node:assert");
node_assert = __toESM(node_assert);

//#region lib.js
var require_lib = /* @__PURE__ */ __commonJS({ "lib.js": ((exports) => {
	const remoteProvider = async function() {
		return await Promise.resolve().then(() => require("./dynamic.js"));
	};
	exports.defaultProvider = remoteProvider;
}) });

//#endregion
//#region entry.js
var import_lib = /* @__PURE__ */ __toESM(require_lib());
(async () => {
	(0, node_assert.default)((await (0, import_lib.defaultProvider)()).ddd === 100);
})();

//#endregion
exports.__esm = __esm;
```
