---
source: crates/rolldown_testing/src/integration_test.rs
---
# Assets

## a.js

```js
import "./x.js";

```

## b.js

```js
import "./x.js";
import "./z.js";

```

## c.js

```js
import "./x.js";
import { setY2, setZ2 } from "./z.js";

//#region c.js
setY2();
setZ2();

//#endregion
```

## x.js

```js
//#region x.js
function setX(v) {}

//#endregion
export { setX };
```

## z.js

```js
import { setX } from "./x.js";

//#region y.js
function setY(v) {}
function setY2(v) {
	/* @__PURE__ */ setX(v);
}

//#endregion
//#region z.js
function setZ2(v) {
	/* @__PURE__ */ setY(v);
}

//#endregion
export { setY2, setZ2 };
```
