---
source: crates/rolldown_testing/src/integration_test.rs
---
# Assets

## entry.js

```js
//#region main.js
console.log("Hello");

//#endregion
```
## entry2.js

```js

```
