---
source: crates/rolldown_testing/src/integration_test.rs
---
# Assets

## main.js

```js
//#region foo.js
const bar = "bar";

//#endregion
//#region main.js
console.log(bar);

//#endregion
```
